true policy value 0.5049217741738781
0 65.5s
20 107.8s
40 189.3s
60 212.5s
80 278.9s
100 333.9s
120 367.3s
140 432.5s
160 462.0s
180 474.8s
shape: (8, 11)
┌───────────┬─────────────┬──────┬─────────────┬───┬─────────────┬───────────┬──────────┬──────────┐
│ estimator ┆ reward_mode ┆ reps ┆ mean_rel_bi ┆ … ┆ ci_coverage ┆ covered_n ┆ cov_lo   ┆ cov_hi   │
│ ---       ┆ l           ┆ ---  ┆ as          ┆   ┆ ---         ┆ ---       ┆ ---      ┆ ---      │
│ str       ┆ ---         ┆ u32  ┆ ---         ┆   ┆ f64         ┆ u32       ┆ f64      ┆ f64      │
│           ┆ str         ┆      ┆ f64         ┆   ┆             ┆           ┆          ┆          │
╞═══════════╪═════════════╪══════╪═════════════╪═══╪═════════════╪═══════════╪══════════╪══════════╡
│ ips       ┆ none        ┆ 200  ┆ -0.002452   ┆ … ┆ 0.95        ┆ 190       ┆ 0.910422 ┆ 0.972617 │
│ snips     ┆ none        ┆ 200  ┆ -0.001016   ┆ … ┆ 0.97        ┆ 194       ┆ 0.936106 ┆ 0.98618  │
│ dm        ┆ gbm         ┆ 200  ┆ -0.11003    ┆ … ┆ 0.0         ┆ 0         ┆ 0.0      ┆ 0.018845 │
│ dr        ┆ gbm         ┆ 200  ┆ -0.000216   ┆ … ┆ 0.96        ┆ 192       ┆ 0.923068 ┆ 0.979594 │
│ switch_dr ┆ gbm         ┆ 200  ┆ -0.085027   ┆ … ┆ 0.0         ┆ 0         ┆ 0.0      ┆ 0.018845 │
│ dm        ┆ weak        ┆ 200  ┆ -0.243543   ┆ … ┆ 0.0         ┆ 0         ┆ 0.0      ┆ 0.018845 │
│ dr        ┆ weak        ┆ 200  ┆ -0.001658   ┆ … ┆ 0.965       ┆ 193       ┆ 0.929529 ┆ 0.982944 │
│ switch_dr ┆ weak        ┆ 200  ┆ -0.18078    ┆ … ┆ 0.0         ┆ 0         ┆ 0.0      ┆ 0.018845 │
└───────────┴─────────────┴──────┴─────────────┴───┴─────────────┴───────────┴──────────┴──────────┘
