{
 "day": "2026-09-01",
 "all": {
  "n": 32624,
  "median_diff_vp": 0.010141324449375322,
  "mean_diff_vp": 1.0493064826559144,
  "mad_vp": 0.17742417272074706,
  "p95_abs_vp": 5.516101328262746,
  "share_within_half_spread": 0.9942808648808206,
  "n_no_bid_iv": 5522,
  "share_mid_equals_mark": 0.10798798430603238,
  "median_price_part_vp": 0.0,
  "median_forward_part_vp": 0.0,
  "median_residual_vp": 0.001838988919714013,
  "median_half_spread_vp": 0.9291143306153576
 },
 "otm_only": {
  "n": 16390,
  "median_diff_vp": 0.012235829839335466,
  "mean_diff_vp": 0.14172810566360552,
  "mad_vp": 0.09130997037333777,
  "p95_abs_vp": 0.8379801191115921,
  "share_within_half_spread": 0.9905430140329469,
  "n_no_bid_iv": 0,
  "share_mid_equals_mark": 0.17181208053691274,
  "median_price_part_vp": 0.0,
  "median_forward_part_vp": -0.0009460730922533633,
  "median_residual_vp": 0.0006386805260827355,
  "median_half_spread_vp": 0.6393234672874087
 },
 "share_abs_diff_below_0p5vp": 0.704205492888671,
 "corr_diff_vs_price_part": 0.7976291659299242
}
shape: (7, 13)
┌───────────┬──────┬────────────┬────────────┬───┬────────────┬────────────┬───────────┬───────────┐
│ z_bucket  ┆ n    ┆ median_dif ┆ mean_diff_ ┆ … ┆ median_pri ┆ median_for ┆ median_re ┆ median_ha │
│ ---       ┆ ---  ┆ f_vp       ┆ vp         ┆   ┆ ce_part_vp ┆ ward_part_ ┆ sidual_vp ┆ lf_spread │
│ str       ┆ i64  ┆ ---        ┆ ---        ┆   ┆ ---        ┆ vp         ┆ ---       ┆ _vp       │
│           ┆      ┆ f64        ┆ f64        ┆   ┆ f64        ┆ ---        ┆ f64       ┆ ---       │
│           ┆      ┆            ┆            ┆   ┆            ┆ f64        ┆           ┆ f64       │
╞═══════════╪══════╪════════════╪════════════╪═══╪════════════╪════════════╪═══════════╪═══════════╡
│ z<-2      ┆ 1996 ┆ 0.136871   ┆ 1.19319    ┆ … ┆ 0.0        ┆ 0.004794   ┆ 0.032186  ┆ 2.670714  │
│ -2..-1    ┆ 5906 ┆ 0.037819   ┆ 0.872914   ┆ … ┆ 0.0        ┆ 0.0        ┆ -0.006985 ┆ 1.242316  │
│ -1..-0.25 ┆ 5141 ┆ 0.012754   ┆ 0.155817   ┆ … ┆ 0.0        ┆ 0.0        ┆ -0.001453 ┆ 0.764467  │
│ atm       ┆ 3737 ┆ -0.00474   ┆ 0.156021   ┆ … ┆ 0.0        ┆ 0.0        ┆ 0.00018   ┆ 0.500207  │
│ 0.25..1   ┆ 6425 ┆ -0.026406  ┆ 0.011284   ┆ … ┆ -0.015624  ┆ 0.0        ┆ 0.001293  ┆ 0.885965  │
│ 1..2      ┆ 6760 ┆ 0.014589   ┆ 0.951623   ┆ … ┆ 0.0        ┆ 0.0        ┆ 0.008521  ┆ 0.957964  │
│ z>2       ┆ 2659 ┆ 0.375231   ┆ 7.072569   ┆ … ┆ 0.0        ┆ 0.003542   ┆ 0.107234  ┆ 2.075523  │
└───────────┴──────┴────────────┴────────────┴───┴────────────┴────────────┴───────────┴───────────┘
shape: (10, 18)
┌──────┬───────────────┬──────────┬───────────┬───┬───────────┬───────────┬───────────┬────────────┐
│ hour ┆ symbol        ┆ T_days   ┆ k         ┆ … ┆ vega_usd  ┆ bid_price ┆ ask_price ┆ mark_price │
│ ---  ┆ ---           ┆ ---      ┆ ---       ┆   ┆ ---       ┆ ---       ┆ ---       ┆ ---        │
│ i32  ┆ str           ┆ f64      ┆ f64       ┆   ┆ f64       ┆ f64       ┆ f64       ┆ f64        │
╞══════╪═══════════════╪══════════╪═══════════╪═══╪═══════════╪═══════════╪═══════════╪════════════╡
│ 7    ┆ ETH-1SEP26-22 ┆ 0.041667 ┆ -0.116008 ┆ … ┆ 1.351141  ┆ 0.1075    ┆ 0.1125    ┆ 0.1096     │
│      ┆ 00-C          ┆          ┆           ┆   ┆           ┆           ┆           ┆            │
│ 6    ┆ ETH-1SEP26-29 ┆ 0.083333 ┆ 0.154921  ┆ … ┆ 2.136886  ┆ 0.1645    ┆ 0.172     ┆ 0.1676     │
│      ┆ 00-P          ┆          ┆           ┆   ┆           ┆           ┆           ┆            │
│ 7    ┆ ETH-1SEP26-22 ┆ 0.041667 ┆ -0.093535 ┆ … ┆ 1.52665   ┆ 0.087     ┆ 0.0925    ┆ 0.0893     │
│      ┆ 50-C          ┆          ┆           ┆   ┆           ┆           ┆           ┆            │
│ 7    ┆ BTC-1SEP26-72 ┆ 0.041667 ┆ -0.088939 ┆ … ┆ 46.38788  ┆ 0.083     ┆ 0.088     ┆ 0.0851     │
│      ┆ 000-C         ┆          ┆           ┆   ┆           ┆           ┆           ┆            │
│ 7    ┆ ETH-1SEP26-22 ┆ 0.041667 ┆ -0.08029  ┆ … ┆ 1.977275  ┆ 0.075     ┆ 0.0805    ┆ 0.0772     │
│      ┆ 80-C          ┆          ┆           ┆   ┆           ┆           ┆           ┆            │
│ 7    ┆ ETH-1SEP26-22 ┆ 0.041667 ┆ -0.097989 ┆ … ┆ 0.744722  ┆ 0.091     ┆ 0.096     ┆ 0.0934     │
│      ┆ 40-C          ┆          ┆           ┆   ┆           ┆           ┆           ┆            │
│ 7    ┆ BTC-1SEP26-73 ┆ 0.041667 ┆ -0.075146 ┆ … ┆ 66.138237 ┆ 0.0705    ┆ 0.0755    ┆ 0.0724     │
│      ┆ 000-C         ┆          ┆           ┆   ┆           ┆           ┆           ┆            │
│ 7    ┆ ETH-1SEP26-22 ┆ 0.041667 ┆ -0.0891   ┆ … ┆ 1.08645   ┆ 0.0825    ┆ 0.0885    ┆ 0.0853     │
│      ┆ 60-C          ┆          ┆           ┆   ┆           ┆           ┆           ┆            │
│ 5    ┆ ETH-1SEP26-29 ┆ 0.125    ┆ 0.160837  ┆ … ┆ 1.329648  ┆ 0.1705    ┆ 0.179     ┆ 0.1745     │
│      ┆ 00-P          ┆          ┆           ┆   ┆           ┆           ┆           ┆            │
│ 6    ┆ BTC-1SEP26-69 ┆ 0.083333 ┆ -0.137175 ┆ … ┆ 14.509907 ┆ 0.126     ┆ 0.1305    ┆ 0.1282     │
│      ┆ 000-C         ┆          ┆           ┆   ┆           ┆           ┆           ┆            │
└──────┴───────────────┴──────────┴───────────┴───┴───────────┴───────────┴───────────┴────────────┘
