A BTC: 7 options, 10s
A ETH: 6 options, 16s
B BTC: 51s
B ETH: 56s
shape: (20, 12)
┌──────────────┬──────────────────┬───────┬─────┬───────────┬───────────┬──────────┬───────────┬──────────────┬─────────────┬──────────────────┬─────────────────┐
│ experiment   ┆ method           ┆ every ┆ n   ┆ mean_bp   ┆ std_bp    ┆ std_lo   ┆ std_hi    ┆ std_gamma_bp ┆ std_vega_bp ┆ std_hedge_err_bp ┆ std_residual_bp │
│ ---          ┆ ---              ┆ ---   ┆ --- ┆ ---       ┆ ---       ┆ ---      ┆ ---       ┆ ---          ┆ ---         ┆ ---              ┆ ---             │
│ str          ┆ str              ┆ i64   ┆ i64 ┆ f64       ┆ f64       ┆ f64      ┆ f64       ┆ f64          ┆ f64         ┆ f64              ┆ f64             │
╞══════════════╪══════════════════╪═══════╪═════╪═══════════╪═══════════╪══════════╪═══════════╪══════════════╪═════════════╪══════════════════╪═════════════════╡
│ A_to_expiry  ┆ own_iv           ┆ 1     ┆ 13  ┆ 4.062805  ┆ 2.530494  ┆ 1.257614 ┆ 3.181162  ┆ 7.342464     ┆ 1.884967    ┆ 0.0              ┆ 1.35301         │
│ A_to_expiry  ┆ own_iv           ┆ 5     ┆ 13  ┆ 3.711319  ┆ 2.913515  ┆ 1.231129 ┆ 3.930089  ┆ 7.342464     ┆ 1.884967    ┆ 1.196214         ┆ 1.35301         │
│ A_to_expiry  ┆ own_iv           ┆ 30    ┆ 13  ┆ 6.451176  ┆ 3.952454  ┆ 2.153774 ┆ 5.022339  ┆ 7.342464     ┆ 1.884967    ┆ 2.607904         ┆ 1.35301         │
│ A_to_expiry  ┆ sticky_moneyness ┆ 1     ┆ 13  ┆ 3.868381  ┆ 3.168512  ┆ 1.905016 ┆ 4.027428  ┆ 7.342464     ┆ 1.884967    ┆ 1.156377         ┆ 1.35301         │
│ A_to_expiry  ┆ sticky_moneyness ┆ 5     ┆ 13  ┆ 3.659018  ┆ 3.031668  ┆ 1.724148 ┆ 3.968237  ┆ 7.342464     ┆ 1.884967    ┆ 1.763874         ┆ 1.35301         │
│ A_to_expiry  ┆ sticky_moneyness ┆ 30    ┆ 13  ┆ 6.34857   ┆ 4.301848  ┆ 2.087732 ┆ 5.305937  ┆ 7.342464     ┆ 1.884967    ┆ 2.630938         ┆ 1.35301         │
│ A_to_expiry  ┆ sticky_strike    ┆ 1     ┆ 13  ┆ 3.882685  ┆ 3.947802  ┆ 2.036451 ┆ 4.817877  ┆ 7.342464     ┆ 1.884967    ┆ 2.093979         ┆ 1.35301         │
│ A_to_expiry  ┆ sticky_strike    ┆ 5     ┆ 13  ┆ 3.669505  ┆ 3.892884  ┆ 2.091903 ┆ 4.919435  ┆ 7.342464     ┆ 1.884967    ┆ 2.148367         ┆ 1.35301         │
│ A_to_expiry  ┆ sticky_strike    ┆ 30    ┆ 13  ┆ 6.46547   ┆ 5.095363  ┆ 2.36465  ┆ 6.295256  ┆ 7.342464     ┆ 1.884967    ┆ 3.508432         ┆ 1.35301         │
│ A_to_expiry  ┆ unhedged         ┆ 0     ┆ 13  ┆ 12.923077 ┆ 10.154732 ┆ 5.214443 ┆ 12.344871 ┆ 7.342464     ┆ 1.884967    ┆ 8.295559         ┆ 1.35301         │
│ B_rolling_4h ┆ own_iv           ┆ 1     ┆ 101 ┆ -0.665451 ┆ 3.936078  ┆ 2.324081 ┆ 5.581522  ┆ 3.629099     ┆ 4.586652    ┆ 0.0              ┆ 0.998571        │
│ B_rolling_4h ┆ own_iv           ┆ 5     ┆ 101 ┆ 1.389757  ┆ 4.060034  ┆ 2.399496 ┆ 5.673389  ┆ 3.629099     ┆ 4.586652    ┆ 1.4383           ┆ 0.998571        │
│ B_rolling_4h ┆ own_iv           ┆ 30    ┆ 101 ┆ 3.331719  ┆ 4.771238  ┆ 2.924473 ┆ 6.379726  ┆ 3.629099     ┆ 4.586652    ┆ 4.01333          ┆ 0.998571        │
│ B_rolling_4h ┆ sticky_moneyness ┆ 1     ┆ 101 ┆ -0.829833 ┆ 4.354688  ┆ 2.867564 ┆ 5.972593  ┆ 3.629099     ┆ 4.586652    ┆ 1.781168         ┆ 0.998571        │
│ B_rolling_4h ┆ sticky_moneyness ┆ 5     ┆ 101 ┆ 1.3599    ┆ 4.241036  ┆ 2.779452 ┆ 5.759777  ┆ 3.629099     ┆ 4.586652    ┆ 1.838689         ┆ 0.998571        │
│ B_rolling_4h ┆ sticky_moneyness ┆ 30    ┆ 101 ┆ 3.323835  ┆ 4.657322  ┆ 2.9995   ┆ 6.098986  ┆ 3.629099     ┆ 4.586652    ┆ 3.972092         ┆ 0.998571        │
│ B_rolling_4h ┆ sticky_strike    ┆ 1     ┆ 101 ┆ -0.729169 ┆ 3.92991   ┆ 2.30567  ┆ 5.578185  ┆ 3.629099     ┆ 4.586652    ┆ 0.17922          ┆ 0.998571        │
│ B_rolling_4h ┆ sticky_strike    ┆ 5     ┆ 101 ┆ 1.368068  ┆ 4.015967  ┆ 2.35935  ┆ 5.623122  ┆ 3.629099     ┆ 4.586652    ┆ 1.45007          ┆ 0.998571        │
│ B_rolling_4h ┆ sticky_strike    ┆ 30    ┆ 101 ┆ 3.302414  ┆ 4.7426    ┆ 2.930678 ┆ 6.28569   ┆ 3.629099     ┆ 4.586652    ┆ 4.059798         ┆ 0.998571        │
│ B_rolling_4h ┆ unhedged         ┆ 0     ┆ 101 ┆ 3.920273  ┆ 14.907015 ┆ 9.685969 ┆ 19.693049 ┆ 3.629099     ┆ 4.586652    ┆ 15.245768        ┆ 0.998571        │
└──────────────┴──────────────────┴───────┴─────┴───────────┴───────────┴──────────┴───────────┴──────────────┴─────────────┴──────────────────┴─────────────────┘
{
 "day": "2026-09-01",
 "experiment_A": {
  "BTC": {
   "n_options": 7,
   "F_entry": 78610.51,
   "settlement_proxy": 78650.746,
   "F_last": 78634.48,
   "realized_vol": 0.29381923309100344,
   "atm_iv_entry": 0.338263527221189,
   "minutes": 475,
   "svi_fits": 475
  },
  "ETH": {
   "n_options": 6,
   "F_entry": 2466.86,
   "settlement_proxy": 2471.418,
   "F_last": 2471.47,
   "realized_vol": 0.3229641368273762,
   "atm_iv_entry": 0.4027552602408249,
   "minutes": 475,
   "svi_fits": 475
  }
 },
 "experiment_B": {
  "BTC": [
   {
    "entry_hour": 8,
    "n_options": 8,
    "realized_vol": 0.3549737914333985,
    "atm_iv_entry": 0.33268654223237165
   },
   {
    "entry_hour": 9,
    "n_options": 8,
    "realized_vol": 0.3264813954062849,
    "atm_iv_entry": 0.338665864747133
   },
   {
    "entry_hour": 10,
    "n_options": 7,
    "realized_vol": 0.4517047725440335,
    "atm_iv_entry": 0.33473932726901
   },
   {
    "entry_hour": 11,
    "n_options": 7,
    "realized_vol": 0.4826425749239218,
    "atm_iv_entry": 0.33767607709532954
   },
   {
    "entry_hour": 12,
    "n_options": 7,
    "realized_vol": 0.4903851374395512,
    "atm_iv_entry": 0.3217065104359908
   },
   {
    "entry_hour": 13,
    "n_options": 7,
    "realized_vol": 0.5137883565857837,
    "atm_iv_entry": 0.3463222374911858
   },
   {
    "entry_hour": 14,
    "n_options": 7,
    "realized_vol": 0.4317505438788636,
    "atm_iv_entry": 0.33993683226504584
   }
  ],
  "ETH": [
   {
    "entry_hour": 8,
    "n_options": 7,
    "realized_vol": 0.40069767765737896,
    "atm_iv_entry": 0.4097296749243723
   },
   {
    "entry_hour": 9,
    "n_options": 8,
    "realized_vol": 0.3749305367525047,
    "atm_iv_entry": 0.40764370742250877
   },
   {
    "entry_hour": 10,
    "n_options": 7,
    "realized_vol": 0.4807914406046247,
    "atm_iv_entry": 0.4122594355683551
   },
   {
    "entry_hour": 11,
    "n_options": 7,
    "realized_vol": 0.5054998311261153,
    "atm_iv_entry": 0.41673745490134406
   },
   {
    "entry_hour": 12,
    "n_options": 7,
    "realized_vol": 0.5154212332595656,
    "atm_iv_entry": 0.4196281672310228
   },
   {
    "entry_hour": 13,
    "n_options": 7,
    "realized_vol": 0.5503289937714493,
    "atm_iv_entry": 0.43765694536728056
   },
   {
    "entry_hour": 14,
    "n_options": 7,
    "realized_vol": 0.5026823154616376,
    "atm_iv_entry": 0.40863121209347064
   }
  ]
 },
 "wall_s": 56.50704002380371,
 "n_positions": {
  "A_to_expiry": 13,
  "B_rolling_4h": 101
 }
}
